C:\CloudeRepo\NAVI\tools\blender\build_navi.py:32: DeprecationWarning: 'Material.use_nodes' is expected to be removed in Blender 6.0
  m=bpy.data.materials.new(name); m.use_nodes=True
Warning: Bone Heat Weighting: failed to find solution for one or more bones
NAVI WEIGHT REPORT {
  "iteration": 4,
  "blender": "5.2.2 LTS",
  "auto_weights": "heat weights attempted; incomplete solution repaired anatomically",
  "before_repair": {
    "unweighted": 7918,
    "tail_foreign": 0,
    "ear_foreign": 0
  },
  "bones": [
    "LowerArm.L",
    "Tail.1",
    "Ear.L.1",
    "Tail.4",
    "UpperArm.L",
    "Neck",
    "Ear.R.2",
    "Hand.R",
    "Head",
    "Tail.2",
    "LowerLeg.R",
    "Foot.L",
    "Tail.3",
    "Hips",
    "UpperLeg.R",
    "Hand.L",
    "UpperLeg.L",
    "UpperArm.R",
    "LowerLeg.L",
    "Shoulder.L",
    "LowerArm.R",
    "Shoulder.R",
    "Ear.L.2",
    "Spine",
    "Ear.R.1",
    "Chest",
    "Foot.R"
  ],
  "vertices": 7918,
  "faces": 7110,
  "quads": 6800,
  "triangles": 15416,
  "height_m": 1.0,
  "mirror_applied": true,
  "actions": {
    "Idle": [
      0.0,
      120.0
    ],
    "Wave": [
      0.0,
      90.0
    ],
    "HappyJump": [
      0.0,
      60.0
    ],
    "TailWag": [
      0.0,
      60.0
    ],
    "Listen": [
      0.0,
      90.0
    ],
    "Sleep": [
      0.0,
      120.0
    ]
  },
  "after_repair": {
    "unweighted": 0,
    "not_normalized": 0,
    "tail_foreign": 0,
    "ear_foreign": 0,
    "tail_vertices": 264,
    "ear_vertices": 744,
    "max_influences": 2
  }
}
C:\CloudeRepo\NAVI\tools\blender\build_navi.py:483: DeprecationWarning: 'World.use_nodes' is expected to be removed in Blender 6.0
  scene.world=bpy.data.worlds.new('Navi dark studio');scene.world.use_nodes=True
00:57.469  render           | Saved: 'C:\CloudeRepo\NAVI\renders\navi-v1-front.png'
01:00.109  render           | Saved: 'C:\CloudeRepo\NAVI\renders\navi-v1-side.png'
01:05.031  render           | Saved: 'C:\CloudeRepo\NAVI\renders\navi-v1-back.png'
01:14.297  render           | Saved: 'C:\CloudeRepo\NAVI\renders\navi-v1-threequarter.png'
01:22.766  render           | Saved: 'C:\CloudeRepo\NAVI\renders\navi-v1-wave.png'
01:30.844  render           | Saved: 'C:\CloudeRepo\NAVI\renders\navi-v1-tailwag.png'
01:40.203  render           | Saved: 'C:\CloudeRepo\NAVI\renders\navi-v1-sleep.png'
INFO Draco is available, use library at C:\Program Files\Blender Foundation\Blender 5.2\5.2\scripts\addons_core\io_scene_gltf2\bf_intern_draco_bridge.dll
INFO MeshOptimizer is available, use library at C:\Program Files\Blender Foundation\Blender 5.2\5.2\scripts\addons_core\io_scene_gltf2\bf_intern_meshopt_bridge.dll
15:56:37 | INFO: Starting glTF 2.0 export
15:56:37 | INFO: Extracting primitive: Navi_QuadSurface
15:56:38 | INFO: Primitives created: 8
15:56:43 | INFO: Finished glTF 2.0 export in 6.075257062911987 s

Info: Saved as "navi-v1.blend"
NAVI BUILD COMPLETE
Blender 5.2.2 LTS (hash d13f752e3b9c built 2026-09-15 01:37:04)

Blender quit
